Начинаю процесс авторизации для всех аккаунтов...
Список аккаунтов будет взят из папки cookies/
----------------------------------------------------------------
[1/    1921] Обработка аккаунта: 22vladkotov22
----------------------------------------------------------------

> gogl-log@1.0.0 start
> ts-node --transpile-only src/index.ts 22vladkotov22

Запуск авторизации для аккаунта: 22vladkotov22... (Видимый)
Перехожу на google.com...
Загрузка кук для аккаунта 22vladkotov22...
Куки успешно загружены.
Снова перехожу на google.com для применения кук...
Перехожу на страницу входа: https://accounts.google.com/signin/v2/identifier?flowName=GlifWebSignIn&flowEntry=ServiceLogin...
Попытка выбрать аккаунт 22vladkotov22...
Аккаунт успешно выбран!
Ожидание поля ввода пароля...
Ввожу пароль...
Нажимаю Enter...
Пароль отправлен.
Ожидание экрана подтверждения резервного адреса...
Ошибка при поиске экрана подтверждения: page.waitForSelector: Timeout 20000ms exceeded.
Call log:
[2m  - waiting for locator('text=Подтвердите резервный адрес электронной почты') to be visible[22m

Финальное ожидание 3 секунд...
Перехожу на google.com для проверки...
Перехожу на страницу логина для проверки сессии...
Скриншот сохранен: screenshot_22vladkotov22.png
Проверяю статус авторизации...
⚠️ РЕЗУЛЬТАТ: Куки сессии найдены, но страница аккаунта не открыта (возможен редирект).
Куки сохранены в: /Users/mac/gogl-log/cookies_failed/22vladkotov22.json
Браузер закрыт.
Завершено для 22vladkotov22. Перехожу к следующему...

----------------------------------------------------------------
[2/    1921] Обработка аккаунта: 2ewdd23
----------------------------------------------------------------

> gogl-log@1.0.0 start
> ts-node --transpile-only src/index.ts 2ewdd23

Запуск авторизации для аккаунта: 2ewdd23... (Видимый)
Перехожу на google.com...
Загрузка кук для аккаунта 2ewdd23...
Куки успешно загружены.
Снова перехожу на google.com для применения кук...
Перехожу на страницу входа: https://accounts.google.com/signin/v2/identifier?flowName=GlifWebSignIn&flowEntry=ServiceLogin...
Попытка выбрать аккаунт 2ewdd23...
Аккаунт успешно выбран!
Ожидание поля ввода пароля...
Ввожу пароль...
Нажимаю Enter...
Пароль отправлен.
Ожидание экрана подтверждения резервного адреса...
Ошибка при поиске экрана подтверждения: page.waitForSelector: Timeout 20000ms exceeded.
Call log:
[2m  - waiting for locator('text=Подтвердите резервный адрес электронной почты') to be visible[22m

Финальное ожидание 3 секунд...
Перехожу на google.com для проверки...
Перехожу на страницу логина для проверки сессии...
Скриншот сохранен: screenshot_2ewdd23.png
Проверяю статус авторизации...
⚠️ РЕЗУЛЬТАТ: Куки сессии найдены, но страница аккаунта не открыта (возможен редирект).
Куки сохранены в: /Users/mac/gogl-log/cookies_failed/2ewdd23.json
Браузер закрыт.
Завершено для 2ewdd23. Перехожу к следующему...

----------------------------------------------------------------
[3/    1921] Обработка аккаунта: aalleenaamm
----------------------------------------------------------------

> gogl-log@1.0.0 start
> ts-node --transpile-only src/index.ts aalleenaamm

Запуск авторизации для аккаунта: aalleenaamm... (Видимый)
Перехожу на google.com...
Загрузка кук для аккаунта aalleenaamm...
Куки успешно загружены.
Снова перехожу на google.com для применения кук...
Перехожу на страницу входа: https://accounts.google.com/signin/v2/identifier?flowName=GlifWebSignIn&flowEntry=ServiceLogin...
Попытка выбрать аккаунт aalleenaamm...
Аккаунт успешно выбран!
Ожидание поля ввода пароля...
Ввожу пароль...
Нажимаю Enter...
Пароль отправлен.
Ожидание экрана подтверждения резервного адреса...
Ошибка при поиске экрана подтверждения: page.waitForSelector: Timeout 20000ms exceeded.
Call log:
[2m  - waiting for locator('text=Подтвердите резервный адрес электронной почты') to be visible[22m

Финальное ожидание 3 секунд...
Перехожу на google.com для проверки...
Перехожу на страницу логина для проверки сессии...
Скриншот сохранен: screenshot_aalleenaamm.png
Проверяю статус авторизации...
⚠️ РЕЗУЛЬТАТ: Куки сессии найдены, но страница аккаунта не открыта (возможен редирект).
Куки сохранены в: /Users/mac/gogl-log/cookies_failed/aalleenaamm.json
Браузер закрыт.
Завершено для aalleenaamm. Перехожу к следующему...

----------------------------------------------------------------
[4/    1921] Обработка аккаунта: abigailgriffinnace
----------------------------------------------------------------

> gogl-log@1.0.0 start
> ts-node --transpile-only src/index.ts abigailgriffinnace

Запуск авторизации для аккаунта: abigailgriffinnace... (Видимый)
Перехожу на google.com...
Загрузка кук для аккаунта abigailgriffinnace...
Куки успешно загружены.
Снова перехожу на google.com для применения кук...
Перехожу на страницу входа: https://accounts.google.com/signin/v2/identifier?flowName=GlifWebSignIn&flowEntry=ServiceLogin...
Попытка выбрать аккаунт abigailgriffinnace...
Аккаунт успешно выбран!
Ожидание поля ввода пароля...
Ввожу пароль...
Нажимаю Enter...
Пароль отправлен.
Ожидание экрана подтверждения резервного адреса...
Ошибка при поиске экрана подтверждения: page.waitForSelector: Timeout 20000ms exceeded.
Call log:
[2m  - waiting for locator('text=Подтвердите резервный адрес электронной почты') to be visible[22m

Финальное ожидание 3 секунд...
Перехожу на google.com для проверки...
Перехожу на страницу логина для проверки сессии...
Скриншот сохранен: screenshot_abigailgriffinnace.png
Проверяю статус авторизации...
⚠️ РЕЗУЛЬТАТ: Куки сессии найдены, но страница аккаунта не открыта (возможен редирект).
Куки сохранены в: /Users/mac/gogl-log/cookies_failed/abigailgriffinnace.json
Браузер закрыт.
Завершено для abigailgriffinnace. Перехожу к следующему...

----------------------------------------------------------------
[5/    1921] Обработка аккаунта: abramovaanastasiya160
----------------------------------------------------------------

> gogl-log@1.0.0 start
> ts-node --transpile-only src/index.ts abramovaanastasiya160

Запуск авторизации для аккаунта: abramovaanastasiya160... (Видимый)
Перехожу на google.com...
Загрузка кук для аккаунта abramovaanastasiya160...
Куки успешно загружены.
Снова перехожу на google.com для применения кук...
Перехожу на страницу входа: https://accounts.google.com/signin/v2/identifier?flowName=GlifWebSignIn&flowEntry=ServiceLogin...
Попытка выбрать аккаунт abramovaanastasiya160...
Аккаунт успешно выбран!
Ожидание поля ввода пароля...
Ввожу пароль...
Нажимаю Enter...
Пароль отправлен.
Ожидание экрана подтверждения резервного адреса...
Ошибка при поиске экрана подтверждения: page.waitForSelector: Timeout 20000ms exceeded.
Call log:
[2m  - waiting for locator('text=Подтвердите резервный адрес электронной почты') to be visible[22m

Финальное ожидание 3 секунд...
Перехожу на google.com для проверки...
Перехожу на страницу логина для проверки сессии...
Скриншот сохранен: screenshot_abramovaanastasiya160.png
Проверяю статус авторизации...
⚠️ РЕЗУЛЬТАТ: Куки сессии найдены, но страница аккаунта не открыта (возможен редирект).
Куки сохранены в: /Users/mac/gogl-log/cookies_failed/abramovaanastasiya160.json
Браузер закрыт.
Завершено для abramovaanastasiya160. Перехожу к следующему...

----------------------------------------------------------------
[6/    1921] Обработка аккаунта: abramovavarvara299
----------------------------------------------------------------

> gogl-log@1.0.0 start
> ts-node --transpile-only src/index.ts abramovavarvara299

Запуск авторизации для аккаунта: abramovavarvara299... (Видимый)
Перехожу на google.com...
Загрузка кук для аккаунта abramovavarvara299...
Куки успешно загружены.
Снова перехожу на google.com для применения кук...
Перехожу на страницу входа: https://accounts.google.com/signin/v2/identifier?flowName=GlifWebSignIn&flowEntry=ServiceLogin...
Попытка выбрать аккаунт abramovavarvara299...
Аккаунт успешно выбран!
Ожидание поля ввода пароля...
Ввожу пароль...
Нажимаю Enter...
Пароль отправлен.
Ожидание экрана подтверждения резервного адреса...
Нашли подходящую ссылку, кликаю...
Клик по подтверждению успешно выполнен!
Ожидание 5 секунд перед вводом почты...
Ввожу резервный email: iwocop@gmail.com...
Нажимаю Enter...
Email отправлен.
Финальное ожидание 3 секунд...
Перехожу на google.com для проверки...
Перехожу на страницу логина для проверки сессии...
Скриншот сохранен: screenshot_abramovavarvara299.png
Проверяю статус авторизации...
⚠️ РЕЗУЛЬТАТ: Куки сессии найдены, но страница аккаунта не открыта (возможен редирект).
Куки сохранены в: /Users/mac/gogl-log/cookies_failed/abramovavarvara299.json
Браузер закрыт.
Завершено для abramovavarvara299. Перехожу к следующему...

----------------------------------------------------------------
[7/    1921] Обработка аккаунта: abrj343
----------------------------------------------------------------

> gogl-log@1.0.0 start
> ts-node --transpile-only src/index.ts abrj343

Запуск авторизации для аккаунта: abrj343... (Видимый)
Перехожу на google.com...
Загрузка кук для аккаунта abrj343...
Куки успешно загружены.
Снова перехожу на google.com для применения кук...
Перехожу на страницу входа: https://accounts.google.com/signin/v2/identifier?flowName=GlifWebSignIn&flowEntry=ServiceLogin...
Ошибка в runAuth: page.goto: Timeout 60000ms exceeded.
Call log:
[2m  - navigating to "https://accounts.google.com/signin/v2/identifier?flowName=GlifWebSignIn&flowEntry=ServiceLogin", waiting until "networkidle"[22m

    at runAuth (/Users/mac/gogl-log/src/tasks/auth.ts:58:20)
    at async /Users/mac/gogl-log/src/index.ts:9:3 {
  name: 'TimeoutError'
}
Браузер закрыт.
Завершено для abrj343. Перехожу к следующему...

----------------------------------------------------------------
[8/    1921] Обработка аккаунта: acehov269
----------------------------------------------------------------

> gogl-log@1.0.0 start
> ts-node --transpile-only src/index.ts acehov269

Запуск авторизации для аккаунта: acehov269... (Видимый)
Перехожу на google.com...
Загрузка кук для аккаунта acehov269...
Куки успешно загружены.
Снова перехожу на google.com для применения кук...
Перехожу на страницу входа: https://accounts.google.com/signin/v2/identifier?flowName=GlifWebSignIn&flowEntry=ServiceLogin...
Попытка выбрать аккаунт acehov269...
Аккаунт успешно выбран!
Ожидание поля ввода пароля...
Ошибка при вводе пароля: поле не найдено или возникла другая проблема.
Ожидание экрана подтверждения резервного адреса...
Ошибка при поиске экрана подтверждения: page.waitForSelector: Timeout 20000ms exceeded.
Call log:
[2m  - waiting for locator('text=Подтвердите резервный адрес электронной почты') to be visible[22m

Финальное ожидание 3 секунд...
Перехожу на google.com для проверки...
Перехожу на страницу логина для проверки сессии...
Скриншот сохранен: screenshot_acehov269.png
Проверяю статус авторизации...
⚠️ РЕЗУЛЬТАТ: Куки сессии найдены, но страница аккаунта не открыта (возможен редирект).
Куки сохранены в: /Users/mac/gogl-log/cookies_failed/acehov269.json
Браузер закрыт.
Завершено для acehov269. Перехожу к следующему...

----------------------------------------------------------------
[9/    1921] Обработка аккаунта: acenukevgenij93
----------------------------------------------------------------

> gogl-log@1.0.0 start
> ts-node --transpile-only src/index.ts acenukevgenij93

Запуск авторизации для аккаунта: acenukevgenij93... (Видимый)
Перехожу на google.com...
Загрузка кук для аккаунта acenukevgenij93...
Куки успешно загружены.
Снова перехожу на google.com для применения кук...
Перехожу на страницу входа: https://accounts.google.com/signin/v2/identifier?flowName=GlifWebSignIn&flowEntry=ServiceLogin...
Попытка выбрать аккаунт acenukevgenij93...
Аккаунт успешно выбран!
Ожидание поля ввода пароля...
Ввожу пароль...
Нажимаю Enter...
Пароль отправлен.
Ожидание экрана подтверждения резервного адреса...
Нашли подходящую ссылку, кликаю...
Клик по подтверждению успешно выполнен!
Ожидание 5 секунд перед вводом почты...
Ввожу резервный email: iwocop@gmail.com...
Нажимаю Enter...
Email отправлен.
Финальное ожидание 3 секунд...
Перехожу на google.com для проверки...
Перехожу на страницу логина для проверки сессии...
Скриншот сохранен: screenshot_acenukevgenij93.png
Проверяю статус авторизации...
⚠️ РЕЗУЛЬТАТ: Куки сессии найдены, но страница аккаунта не открыта (возможен редирект).
Куки сохранены в: /Users/mac/gogl-log/cookies_failed/acenukevgenij93.json
Браузер закрыт.
Завершено для acenukevgenij93. Перехожу к следующему...

----------------------------------------------------------------
[10/    1921] Обработка аккаунта: acerenkov07
----------------------------------------------------------------

> gogl-log@1.0.0 start
> ts-node --transpile-only src/index.ts acerenkov07

Запуск авторизации для аккаунта: acerenkov07... (Видимый)
Перехожу на google.com...
Загрузка кук для аккаунта acerenkov07...
Куки успешно загружены.
Снова перехожу на google.com для применения кук...
Перехожу на страницу входа: https://accounts.google.com/signin/v2/identifier?flowName=GlifWebSignIn&flowEntry=ServiceLogin...
Попытка выбрать аккаунт acerenkov07...
Аккаунт успешно выбран!
Ожидание поля ввода пароля...
Ввожу пароль...
Нажимаю Enter...
Пароль отправлен.
Ожидание экрана подтверждения резервного адреса...
Нашли подходящую ссылку, кликаю...
Клик по подтверждению успешно выполнен!
Ожидание 5 секунд перед вводом почты...
Ввожу резервный email: iwocop@gmail.com...
Нажимаю Enter...
Email отправлен.
Финальное ожидание 3 секунд...
Перехожу на google.com для проверки...
Перехожу на страницу логина для проверки сессии...
Скриншот сохранен: screenshot_acerenkov07.png
Проверяю статус авторизации...
⚠️ РЕЗУЛЬТАТ: Куки сессии найдены, но страница аккаунта не открыта (возможен редирект).
Куки сохранены в: /Users/mac/gogl-log/cookies_failed/acerenkov07.json
Браузер закрыт.
Завершено для acerenkov07. Перехожу к следующему...

----------------------------------------------------------------
[11/    1921] Обработка аккаунта: achrafelissaoui360
----------------------------------------------------------------

> gogl-log@1.0.0 start
> ts-node --transpile-only src/index.ts achrafelissaoui360

Запуск авторизации для аккаунта: achrafelissaoui360... (Видимый)
Перехожу на google.com...
Загрузка кук для аккаунта achrafelissaoui360...
Куки успешно загружены.
Снова перехожу на google.com для применения кук...
Перехожу на страницу входа: https://accounts.google.com/signin/v2/identifier?flowName=GlifWebSignIn&flowEntry=ServiceLogin...
Попытка выбрать аккаунт achrafelissaoui360...
Аккаунт успешно выбран!
Ожидание поля ввода пароля...
Ввожу пароль...
Нажимаю Enter...
Пароль отправлен.
Ожидание экрана подтверждения резервного адреса...
Ошибка при поиске экрана подтверждения: page.waitForSelector: Timeout 20000ms exceeded.
Call log:
[2m  - waiting for locator('text=Подтвердите резервный адрес электронной почты') to be visible[22m

Финальное ожидание 3 секунд...
Перехожу на google.com для проверки...
Перехожу на страницу логина для проверки сессии...
Скриншот сохранен: screenshot_achrafelissaoui360.png
Проверяю статус авторизации...
⚠️ РЕЗУЛЬТАТ: Куки сессии найдены, но страница аккаунта не открыта (возможен редирект).
Куки сохранены в: /Users/mac/gogl-log/cookies_failed/achrafelissaoui360.json
Браузер закрыт.
Завершено для achrafelissaoui360. Перехожу к следующему...

----------------------------------------------------------------
[12/    1921] Обработка аккаунта: actipayl
----------------------------------------------------------------

> gogl-log@1.0.0 start
> ts-node --transpile-only src/index.ts actipayl

Запуск авторизации для аккаунта: actipayl... (Видимый)
Перехожу на google.com...
Загрузка кук для аккаунта actipayl...
Куки успешно загружены.
Снова перехожу на google.com для применения кук...
Перехожу на страницу входа: https://accounts.google.com/signin/v2/identifier?flowName=GlifWebSignIn&flowEntry=ServiceLogin...
Попытка выбрать аккаунт actipayl...
Аккаунт успешно выбран!
Ожидание поля ввода пароля...
Ввожу пароль...
Нажимаю Enter...
Пароль отправлен.
Ожидание экрана подтверждения резервного адреса...
Нашли подходящую ссылку, кликаю...
Клик по подтверждению успешно выполнен!
Ожидание 5 секунд перед вводом почты...
Ввожу резервный email: iwocop@gmail.com...
Нажимаю Enter...
Email отправлен.
Финальное ожидание 3 секунд...
Перехожу на google.com для проверки...
Перехожу на страницу логина для проверки сессии...
Скриншот сохранен: screenshot_actipayl.png
Проверяю статус авторизации...
⚠️ РЕЗУЛЬТАТ: Куки сессии найдены, но страница аккаунта не открыта (возможен редирект).
Куки сохранены в: /Users/mac/gogl-log/cookies_failed/actipayl.json
Браузер закрыт.
Завершено для actipayl. Перехожу к следующему...

----------------------------------------------------------------
[13/    1921] Обработка аккаунта: adamfurtovski
----------------------------------------------------------------

> gogl-log@1.0.0 start
> ts-node --transpile-only src/index.ts adamfurtovski

Запуск авторизации для аккаунта: adamfurtovski... (Видимый)
Перехожу на google.com...
Загрузка кук для аккаунта adamfurtovski...
Куки успешно загружены.
Снова перехожу на google.com для применения кук...
Перехожу на страницу входа: https://accounts.google.com/signin/v2/identifier?flowName=GlifWebSignIn&flowEntry=ServiceLogin...
Попытка выбрать аккаунт adamfurtovski...
Аккаунт успешно выбран!
Ожидание поля ввода пароля...
Ошибка при вводе пароля: поле не найдено или возникла другая проблема.
Ожидание экрана подтверждения резервного адреса...
Ошибка при поиске экрана подтверждения: page.waitForSelector: Timeout 20000ms exceeded.
Call log:
[2m  - waiting for locator('text=Подтвердите резервный адрес электронной почты') to be visible[22m

Финальное ожидание 3 секунд...
Перехожу на google.com для проверки...
Перехожу на страницу логина для проверки сессии...
Скриншот сохранен: screenshot_adamfurtovski.png
Проверяю статус авторизации...
⚠️ РЕЗУЛЬТАТ: Куки сессии найдены, но страница аккаунта не открыта (возможен редирект).
Куки сохранены в: /Users/mac/gogl-log/cookies_failed/adamfurtovski.json
Браузер закрыт.
Завершено для adamfurtovski. Перехожу к следующему...

----------------------------------------------------------------
[14/    1921] Обработка аккаунта: adanilina890
----------------------------------------------------------------

> gogl-log@1.0.0 start
> ts-node --transpile-only src/index.ts adanilina890

Запуск авторизации для аккаунта: adanilina890... (Видимый)
Перехожу на google.com...
Загрузка кук для аккаунта adanilina890...
Куки успешно загружены.
Снова перехожу на google.com для применения кук...
Перехожу на страницу входа: https://accounts.google.com/signin/v2/identifier?flowName=GlifWebSignIn&flowEntry=ServiceLogin...
Попытка выбрать аккаунт adanilina890...
Аккаунт успешно выбран!
Ожидание поля ввода пароля...
Ввожу пароль...
Нажимаю Enter...
Пароль отправлен.
Ожидание экрана подтверждения резервного адреса...
Нашли подходящую ссылку, кликаю...
Клик по подтверждению успешно выполнен!
Ожидание 5 секунд перед вводом почты...
Ввожу резервный email: iwocop@gmail.com...
Нажимаю Enter...
Email отправлен.
Финальное ожидание 3 секунд...
Перехожу на google.com для проверки...
Перехожу на страницу логина для проверки сессии...
Ошибка в runAuth: page.goto: Timeout 60000ms exceeded.
Call log:
[2m  - navigating to "https://accounts.google.com/signin/v2/identifier?flowName=GlifWebSignIn&flowEntry=ServiceLogin", waiting until "networkidle"[22m

    at runAuth (/Users/mac/gogl-log/src/tasks/auth.ts:157:20)
    at async /Users/mac/gogl-log/src/index.ts:9:3 {
  name: 'TimeoutError'
}
Браузер закрыт.
Завершено для adanilina890. Перехожу к следующему...

----------------------------------------------------------------
[15/    1921] Обработка аккаунта: admitrieva957
----------------------------------------------------------------

> gogl-log@1.0.0 start
> ts-node --transpile-only src/index.ts admitrieva957

Запуск авторизации для аккаунта: admitrieva957... (Видимый)
Перехожу на google.com...
Загрузка кук для аккаунта admitrieva957...
Куки успешно загружены.
Снова перехожу на google.com для применения кук...
Перехожу на страницу входа: https://accounts.google.com/signin/v2/identifier?flowName=GlifWebSignIn&flowEntry=ServiceLogin...
Попытка выбрать аккаунт admitrieva957...
Аккаунт успешно выбран!
Ожидание поля ввода пароля...
Ошибка при вводе пароля: поле не найдено или возникла другая проблема.
Ожидание экрана подтверждения резервного адреса...
Ошибка при поиске экрана подтверждения: page.waitForSelector: Timeout 20000ms exceeded.
Call log:
[2m  - waiting for locator('text=Подтвердите резервный адрес электронной почты') to be visible[22m

Финальное ожидание 3 секунд...
Перехожу на google.com для проверки...
Перехожу на страницу логина для проверки сессии...
Скриншот сохранен: screenshot_admitrieva957.png
Проверяю статус авторизации...
⚠️ РЕЗУЛЬТАТ: Куки сессии найдены, но страница аккаунта не открыта (возможен редирект).
Куки сохранены в: /Users/mac/gogl-log/cookies_failed/admitrieva957.json
Браузер закрыт.
