
> gogl-log@1.0.0 start
> ts-node --transpile-only src/index.ts 22vladkotov22

Запуск авторизации для аккаунта: 22vladkotov22... (Видимый)
Перехожу на google.com...
Загрузка кук для аккаунта 22vladkotov22...
Куки успешно загружены.
Снова перехожу на google.com для применения кук...
Перехожу на страницу входа: https://accounts.google.com/signin/v2/identifier?flowName=GlifWebSignIn&flowEntry=ServiceLogin...
Попытка выбрать аккаунт 22vladkotov22...
Аккаунт успешно выбран!
Ожидание поля ввода пароля...
Ввожу пароль...
Нажимаю Enter...
Пароль отправлен.
Ожидание экрана подтверждения резервного адреса...
Ошибка при поиске экрана подтверждения: page.waitForSelector: Timeout 20000ms exceeded.
Call log:
[2m  - waiting for locator('text=Подтвердите резервный адрес электронной почты') to be visible[22m

Финальное ожидание 3 секунд...
Перехожу на google.com для проверки...
Перехожу на страницу логина для проверки сессии...
Скриншот сохранен: screenshot_22vladkotov22.png
Проверяю статус авторизации...
⚠️ РЕЗУЛЬТАТ: Куки сессии найдены, но страница аккаунта не открыта (возможен редирект).
Куки сохранены в: /Users/mac/gogl-log/cookies_failed/22vladkotov22.json
Браузер закрыт.
