
> gogl-log@1.0.0 start
> ts-node --transpile-only src/index.ts aalleenaamm

Запуск авторизации для аккаунта: aalleenaamm... (Видимый)
Перехожу на google.com...
Загрузка кук для аккаунта aalleenaamm...
Куки успешно загружены.
Снова перехожу на google.com для применения кук...
Перехожу на страницу входа: https://accounts.google.com/signin/v2/identifier?flowName=GlifWebSignIn&flowEntry=ServiceLogin...
Попытка выбрать аккаунт aalleenaamm...
Аккаунт успешно выбран!
Ожидание поля ввода пароля...
Ввожу пароль...
Нажимаю Enter...
Пароль отправлен.
Ожидание экрана подтверждения резервного адреса...
Ошибка при поиске экрана подтверждения: page.waitForSelector: Timeout 20000ms exceeded.
Call log:
[2m  - waiting for locator('text=Подтвердите резервный адрес электронной почты') to be visible[22m

Финальное ожидание 3 секунд...
Перехожу на google.com для проверки...
Перехожу на страницу логина для проверки сессии...
Скриншот сохранен: screenshot_aalleenaamm.png
Проверяю статус авторизации...
⚠️ РЕЗУЛЬТАТ: Куки сессии найдены, но страница аккаунта не открыта (возможен редирект).
Куки сохранены в: /Users/mac/gogl-log/cookies_failed/aalleenaamm.json
Браузер закрыт.
