
> gogl-log@1.0.0 start
> ts-node --transpile-only src/index.ts abramovavarvara299

Запуск авторизации для аккаунта: abramovavarvara299... (Видимый)
Перехожу на google.com...
Загрузка кук для аккаунта abramovavarvara299...
Куки успешно загружены.
Снова перехожу на google.com для применения кук...
Перехожу на страницу входа: https://accounts.google.com/signin/v2/identifier?flowName=GlifWebSignIn&flowEntry=ServiceLogin...
Попытка выбрать аккаунт abramovavarvara299...
Аккаунт успешно выбран!
Ожидание поля ввода пароля...
Ввожу пароль...
Нажимаю Enter...
Пароль отправлен.
Ожидание экрана подтверждения резервного адреса...
Нашли подходящую ссылку, кликаю...
Клик по подтверждению успешно выполнен!
Ожидание 5 секунд перед вводом почты...
Ввожу резервный email: iwocop@gmail.com...
Нажимаю Enter...
Email отправлен.
Финальное ожидание 3 секунд...
Перехожу на google.com для проверки...
Перехожу на страницу логина для проверки сессии...
Скриншот сохранен: screenshot_abramovavarvara299.png
Проверяю статус авторизации...
⚠️ РЕЗУЛЬТАТ: Куки сессии найдены, но страница аккаунта не открыта (возможен редирект).
Куки сохранены в: /Users/mac/gogl-log/cookies_failed/abramovavarvara299.json
Браузер закрыт.
