
> gogl-log@1.0.0 start
> ts-node --transpile-only src/index.ts adamfurtovski

Запуск авторизации для аккаунта: adamfurtovski... (Видимый)
Перехожу на google.com...
Загрузка кук для аккаунта adamfurtovski...
Куки успешно загружены.
Снова перехожу на google.com для применения кук...
Перехожу на страницу входа: https://accounts.google.com/signin/v2/identifier?flowName=GlifWebSignIn&flowEntry=ServiceLogin...
Попытка выбрать аккаунт adamfurtovski...
Аккаунт успешно выбран!
Ожидание поля ввода пароля...
Ошибка при вводе пароля: поле не найдено или возникла другая проблема.
Ожидание экрана подтверждения резервного адреса...
Ошибка при поиске экрана подтверждения: page.waitForSelector: Timeout 20000ms exceeded.
Call log:
[2m  - waiting for locator('text=Подтвердите резервный адрес электронной почты') to be visible[22m

Финальное ожидание 3 секунд...
Перехожу на google.com для проверки...
Перехожу на страницу логина для проверки сессии...
Скриншот сохранен: screenshot_adamfurtovski.png
Проверяю статус авторизации...
⚠️ РЕЗУЛЬТАТ: Куки сессии найдены, но страница аккаунта не открыта (возможен редирект).
Куки сохранены в: /Users/mac/gogl-log/cookies_failed/adamfurtovski.json
Браузер закрыт.
