
> gogl-log@1.0.0 start
> ts-node --transpile-only src/index.ts adanilina890

Запуск авторизации для аккаунта: adanilina890... (Видимый)
Перехожу на google.com...
Загрузка кук для аккаунта adanilina890...
Куки успешно загружены.
Снова перехожу на google.com для применения кук...
Перехожу на страницу входа: https://accounts.google.com/signin/v2/identifier?flowName=GlifWebSignIn&flowEntry=ServiceLogin...
Попытка выбрать аккаунт adanilina890...
Аккаунт успешно выбран!
Ожидание поля ввода пароля...
Ввожу пароль...
Нажимаю Enter...
Пароль отправлен.
Ожидание экрана подтверждения резервного адреса...
Нашли подходящую ссылку, кликаю...
Клик по подтверждению успешно выполнен!
Ожидание 5 секунд перед вводом почты...
Ввожу резервный email: iwocop@gmail.com...
Нажимаю Enter...
Email отправлен.
Финальное ожидание 3 секунд...
Перехожу на google.com для проверки...
Перехожу на страницу логина для проверки сессии...
Ошибка в runAuth: page.goto: Timeout 60000ms exceeded.
Call log:
[2m  - navigating to "https://accounts.google.com/signin/v2/identifier?flowName=GlifWebSignIn&flowEntry=ServiceLogin", waiting until "networkidle"[22m

    at runAuth (/Users/mac/gogl-log/src/tasks/auth.ts:157:20)
    at async /Users/mac/gogl-log/src/index.ts:9:3 {
  name: 'TimeoutError'
}
Браузер закрыт.
